---
source: tui/src/history_cell.rs
assertion_line: 3232
expression: rendered
---
╭─────────────────────────────────────╮
│ • Open Interpreter (v0.0.0)         │
│                                     │
│ model:     gpt-5   /model to change │
│ directory: /tmp/project             │
╰─────────────────────────────────────╯

  Tip: Use /model to switch providers, models, or reasoning effort.
