---
source: tui/src/chatwidget/tests/popups_and_settings.rs
expression: popup
---
  Select Provider
  Choose a provider for the next chat. Unconfigured providers will be added to

  Filter providers
› OpenAI (API key)                    Use OPENAI_API_KEY or paste a key ·
                                      Ready
  Anthropic                           Use ANTHROPIC_API_KEY or paste a key |
                                      Harness: claude-code · Ready
  OpenRouter                          Use OPENROUTER_API_KEY or paste a key ·
                                      Ready
  Groq                                Use GROQ_API_KEY or paste a key · Ready
  DeepSeek                            Use DEEPSEEK_API_KEY or paste a key |
                                      Harness: deepseek-tui · Ready
  Moonshot AI                         Use MOONSHOT_API_KEY or paste a key |
                                      Harness: kimi-cli · Ready
  Moonshot AI (China)                 Use MOONSHOT_API_KEY or paste a key |

  Type to filter • Enter to continue • Esc to dismiss
