---
source: tui/src/onboarding/auth.rs
expression: terminal.backend()
---
> OpenRouter

  Use OPENROUTER_API_KEY or paste a key

  Base URL: https://openrouter.ai/api/v1
╭API key───────────────────────────────────────────────────────────────────────────────────────╮
│Paste or type your API key                                                                    │
╰──────────────────────────────────────────────────────────────────────────────────────────────╯
  Press Enter to continue
  Press Esc to go back
