---
source: tui/src/onboarding/auth.rs
expression: terminal.backend()
---
> Acme Gateway

  Enter a model name manually for this provider.

╭Model─────────────────────────────────────────────────────────────────────────────────────────╮
│your-model-name                                                                               │
╰──────────────────────────────────────────────────────────────────────────────────────────────╯
  Press Enter to save
  Press Esc to go back
