---
source: tui/src/onboarding/auth.rs
expression: terminal.backend()
---
> OpenRouter / anthropic/claude-sonnet-4.6

  Choose a tool harness for this new chat.
  Only harnesses compatible with this provider's API are shown.

> 1. Claude Code (recommended)
     Use the Claude Code-style tool harness.

  2. Codex
     Use the native Codex tool harness.

  3. Claude Code Bare
     Use the lean Claude Code-style harness.

  4. Kimi CLI
     Use the Kimi CLI-style tool harness.

  5. Qwen Code
     Use the Qwen Code-style tool harness.
